// Jest Snapshot v1, https://goo.gl/fbAQLP

exports[`Help renders correctly 1`] = `
<View
  accessibilityIgnoresInvertColors={true}
  style={
    Object {
      "backgroundColor": "#f0eefc",
      "flex": 1,
    }
  }
>
  <Image
    resizeMode="stretch"
    source={1}
    style={
      Array [
        Object {
          "bottom": 0,
          "left": 0,
          "position": "absolute",
          "right": 0,
          "top": 0,
        },
        Object {
          "height": undefined,
          "width": undefined,
        },
        undefined,
      ]
    }
  />
  <View
    style={
      Object {
        "flex": 1,
      }
    }
  >
    <View>
      <View
        accessible={true}
        focusable={true}
        onClick={[Function]}
        onResponderGrant={[Function]}
        onResponderMove={[Function]}
        onResponderRelease={[Function]}
        onResponderTerminate={[Function]}
        onResponderTerminationRequest={[Function]}
        onStartShouldSetResponder={[Function]}
        style={
          Object {
            "opacity": 1,
          }
        }
        testID="changePassword"
      >
        <View
          style={
            Object {
              "backgroundColor": "white",
              "borderColor": "#e1e0e6",
              "borderRadius": 0,
              "elevation": 5,
              "flexDirection": "row",
              "height": "auto",
              "justifyContent": "space-between",
              "marginLeft": "5%",
              "marginTop": 20,
              "padding": 18,
              "shadowOffset": Object {
                "height": 2,
                "width": 0,
              },
              "shadowOpacity": 0.5,
              "shadowRadius": 10,
              "width": "90%",
            }
          }
        >
          <Text
            style={
              Object {
                "alignSelf": "center",
                "color": "black",
                "fontSize": 20,
                "width": "80%",
              }
            }
          >
            Change Password
          </Text>
          <Text />
        </View>
      </View>
      <View
        accessible={true}
        focusable={true}
        onClick={[Function]}
        onResponderGrant={[Function]}
        onResponderMove={[Function]}
        onResponderRelease={[Function]}
        onResponderTerminate={[Function]}
        onResponderTerminationRequest={[Function]}
        onStartShouldSetResponder={[Function]}
        style={
          Object {
            "opacity": 1,
          }
        }
        testID="privacyPolicy"
      >
        <View
          style={
            Object {
              "backgroundColor": "white",
              "borderColor": "#e1e0e6",
              "borderRadius": 0,
              "elevation": 5,
              "flexDirection": "row",
              "height": "auto",
              "justifyContent": "space-between",
              "marginLeft": "5%",
              "marginTop": 20,
              "padding": 18,
              "shadowOffset": Object {
                "height": 2,
                "width": 0,
              },
              "shadowOpacity": 0.5,
              "shadowRadius": 10,
              "width": "90%",
            }
          }
        >
          <Text
            style={
              Object {
                "alignSelf": "center",
                "color": "black",
                "fontSize": 20,
                "width": "80%",
              }
            }
          >
            Change 4 Digit Pin
          </Text>
          <Text />
        </View>
      </View>
      <View
        style={
          Object {
            "backgroundColor": "white",
            "borderColor": "#e1e0e6",
            "borderRadius": 0,
            "elevation": 5,
            "flexDirection": "row",
            "height": "auto",
            "justifyContent": "space-between",
            "marginLeft": "5%",
            "marginTop": 20,
            "padding": 18,
            "shadowOffset": Object {
              "height": 2,
              "width": 0,
            },
            "shadowOpacity": 0.5,
            "shadowRadius": 10,
            "width": "90%",
          }
        }
      >
        <Text
          style={
            Object {
              "alignSelf": "center",
              "color": "black",
              "fontSize": 20,
              "width": "80%",
            }
          }
        >
          Pin Lock
        </Text>
        <View
          style={
            Object {
              "height": 38,
              "marginTop": -10,
            }
          }
        >
          <RCTSwitch
            accessibilityRole="switch"
            onChange={[Function]}
            onResponderTerminationRequest={[Function]}
            onStartShouldSetResponder={[Function]}
            onTintColor="#e7f6f9"
            style={
              Array [
                Object {
                  "height": 31,
                  "width": 51,
                },
                Object {
                  "backgroundColor": "#3e3e3e",
                  "borderRadius": 16,
                },
              ]
            }
            testID="switch"
            thumbTintColor="#f4f3f4"
            tintColor="#767577"
            value={false}
          />
        </View>
      </View>
      <View
        accessible={true}
        focusable={true}
        onClick={[Function]}
        onResponderGrant={[Function]}
        onResponderMove={[Function]}
        onResponderRelease={[Function]}
        onResponderTerminate={[Function]}
        onResponderTerminationRequest={[Function]}
        onStartShouldSetResponder={[Function]}
        style={
          Object {
            "opacity": 1,
          }
        }
      >
        <View
          style={
            Object {
              "backgroundColor": "white",
              "borderColor": "#e1e0e6",
              "borderRadius": 0,
              "elevation": 5,
              "flexDirection": "row",
              "height": "auto",
              "justifyContent": "space-between",
              "marginLeft": "5%",
              "marginTop": 20,
              "padding": 18,
              "shadowOffset": Object {
                "height": 2,
                "width": 0,
              },
              "shadowOpacity": 0.5,
              "shadowRadius": 10,
              "width": "90%",
            }
          }
        >
          <Text
            style={
              Object {
                "alignSelf": "center",
                "color": "#ccc",
                "fontSize": 20,
                "width": "80%",
              }
            }
          >
            App Version
          </Text>
          <Text />
        </View>
      </View>
      <View
        accessible={true}
        focusable={true}
        onClick={[Function]}
        onResponderGrant={[Function]}
        onResponderMove={[Function]}
        onResponderRelease={[Function]}
        onResponderTerminate={[Function]}
        onResponderTerminationRequest={[Function]}
        onStartShouldSetResponder={[Function]}
        style={
          Object {
            "opacity": 1,
          }
        }
        testID="deleteAccount"
      >
        <View
          style={
            Object {
              "backgroundColor": "white",
              "borderColor": "#e1e0e6",
              "borderRadius": 0,
              "elevation": 5,
              "flexDirection": "row",
              "height": "auto",
              "justifyContent": "space-between",
              "marginLeft": "5%",
              "marginTop": 20,
              "padding": 18,
              "shadowOffset": Object {
                "height": 2,
                "width": 0,
              },
              "shadowOpacity": 0.5,
              "shadowRadius": 10,
              "width": "90%",
            }
          }
        >
          <Text
            style={
              Object {
                "alignSelf": "center",
                "color": "black",
                "fontSize": 20,
                "width": "80%",
              }
            }
          >
            Delete Account
          </Text>
          <Text />
        </View>
      </View>
    </View>
  </View>
</View>
`;
